// Jest Snapshot v1, https://goo.gl/fbAQLP

exports[`Test Footer Component It should match the snapshot 1`] = `
ShallowWrapper {
  Symbol(enzyme.__root__): [Circular],
  Symbol(enzyme.__unrendered__): <Footer />,
  Symbol(enzyme.__renderer__): Object {
    "batchedUpdates": [Function],
    "checkPropTypes": [Function],
    "getNode": [Function],
    "render": [Function],
    "simulateError": [Function],
    "simulateEvent": [Function],
    "unmount": [Function],
  },
  Symbol(enzyme.__node__): Object {
    "instance": null,
    "key": undefined,
    "nodeType": "host",
    "props": Object {
      "children": Array [
        <div
          className="card-body"
        >
          <h5
            className="card-title"
          >
            Ferrum Contracts
          </h5>
        </div>,
        <div
          className="card-footer"
        >
          copyright @2019 
        </div>,
      ],
      "className": "card text-white text-center bg-dark remove-borders footer",
    },
    "ref": null,
    "rendered": Array [
      Object {
        "instance": null,
        "key": undefined,
        "nodeType": "host",
        "props": Object {
          "children": <h5
            className="card-title"
          >
            Ferrum Contracts
          </h5>,
          "className": "card-body",
        },
        "ref": null,
        "rendered": Object {
          "instance": null,
          "key": undefined,
          "nodeType": "host",
          "props": Object {
            "children": "Ferrum Contracts",
            "className": "card-title",
          },
          "ref": null,
          "rendered": "Ferrum Contracts",
          "type": "h5",
        },
        "type": "div",
      },
      Object {
        "instance": null,
        "key": undefined,
        "nodeType": "host",
        "props": Object {
          "children": "copyright @2019 ",
          "className": "card-footer",
        },
        "ref": null,
        "rendered": "copyright @2019 ",
        "type": "div",
      },
    ],
    "type": "div",
  },
  Symbol(enzyme.__nodes__): Array [
    Object {
      "instance": null,
      "key": undefined,
      "nodeType": "host",
      "props": Object {
        "children": Array [
          <div
            className="card-body"
          >
            <h5
              className="card-title"
            >
              Ferrum Contracts
            </h5>
          </div>,
          <div
            className="card-footer"
          >
            copyright @2019 
          </div>,
        ],
        "className": "card text-white text-center bg-dark remove-borders footer",
      },
      "ref": null,
      "rendered": Array [
        Object {
          "instance": null,
          "key": undefined,
          "nodeType": "host",
          "props": Object {
            "children": <h5
              className="card-title"
            >
              Ferrum Contracts
            </h5>,
            "className": "card-body",
          },
          "ref": null,
          "rendered": Object {
            "instance": null,
            "key": undefined,
            "nodeType": "host",
            "props": Object {
              "children": "Ferrum Contracts",
              "className": "card-title",
            },
            "ref": null,
            "rendered": "Ferrum Contracts",
            "type": "h5",
          },
          "type": "div",
        },
        Object {
          "instance": null,
          "key": undefined,
          "nodeType": "host",
          "props": Object {
            "children": "copyright @2019 ",
            "className": "card-footer",
          },
          "ref": null,
          "rendered": "copyright @2019 ",
          "type": "div",
        },
      ],
      "type": "div",
    },
  ],
  Symbol(enzyme.__options__): Object {
    "adapter": ReactSixteenAdapter {
      "options": Object {
        "enableComponentDidUpdateOnSetState": true,
        "legacyContextMode": "parent",
        "lifecycles": Object {
          "componentDidUpdate": Object {
            "onSetState": true,
          },
          "getChildContext": Object {
            "calledByRenderer": false,
          },
          "getDerivedStateFromError": true,
          "getDerivedStateFromProps": Object {
            "hasShouldComponentUpdateBug": false,
          },
          "getSnapshotBeforeUpdate": true,
          "setState": Object {
            "skipsComponentDidUpdateOnNullish": true,
          },
        },
      },
    },
    Symbol(enzyme.__providerValues__): undefined,
  },
  Symbol(enzyme.__providerValues__): Map {},
}
`;
